cfe00000 T _start
cfe00020 t _undefined_instruction
cfe00024 t _software_interrupt
cfe00028 t _prefetch_abort
cfe0002c t _data_abort
cfe00030 t _not_used
cfe00034 t _irq
cfe00038 t _fiq
cfe0003c t _pad
cfe00040 T _end_vect
cfe00040 t _TEXT_BASE
cfe00044 t _TEXT_PHY_BASE
cfe00048 T _armboot_start
cfe0004c T _bss_start
cfe00050 T _bss_end
cfe00054 t reset
cfe00064 t cpu_init_crit
cfe000b8 t after_copy
cfe000b8 t enable_mmu
cfe000d8 t mmu_on
cfe000f4 t skip_hw_init
cfe000f4 t stack_setup
cfe000f8 t clear_bss
cfe00104 t clbss_l
cfe00118 t _start_armboot
cfe0011c t _mmu_table_base
cfe00120 T copy_from_nand
cfe0016c t copy_failed
cfe00174 t compare_failed
cfe0017c T theLastJump
cfe00198 t phy_last_jump
cfe001c0 t undefined_instruction
cfe00220 t software_interrupt
cfe00280 t prefetch_abort
cfe002e0 t data_abort
cfe00340 t not_used
cfe003a0 t irq
cfe00400 t fiq
cfe00460 T arm1136_cache_flush
cfe00480 T mem_ctrl_asm_init
cfe0057c t check_dmc1_ready
cfe00598 T cleanDCache
cfe005a4 T cleanFlushDCache
cfe005b0 T cleanFlushCache
cfe005dc t nandll_read_page
cfe006a8 T copy_uboot_to_ram
cfe008a0 T beep
cfe008cc T movi_set_capacity
cfe008d0 T movi_set_ofs
cfe00924 T movi_bl2_copy
cfe00968 T movi_read_env
cfe0097c T movi_write_env
cfe00990 T movi_init
cfe009c0 T raise
cfe009c4 T __aeabi_ldiv0
cfe009c8 T __div0
cfe009cc t _TEXT_BASE
cfe009d0 T lowlevel_init
cfe00ab0 t wakeup_reset
cfe00adc t system_clock_init
cfe00b10 t check_syncack
cfe00bb0 t uart_asm_init
cfe00c00 t nand_asm_init
cfe00c84 t READ_TIMER
cfe00c9c T enable_interrupts
cfe00ca0 T disable_interrupts
cfe00ca8 T set_timer
cfe00cb8 T reset_timer_masked
cfe00cd8 T reset_timer
cfe00cdc T get_timer_masked
cfe00d24 T get_timer
cfe00d38 T udelay
cfe00dac T udelay_masked
cfe00e20 T get_ticks
cfe00e34 T get_tbclk
cfe00e4c T interrupt_init
cfe00ec8 T show_regs
cfe01008 T bad_mode
cfe01024 T do_irq
cfe01048 T do_fiq
cfe0106c T do_not_used
cfe01090 T do_data_abort
cfe010b4 T do_prefetch_abort
cfe010d8 T do_software_interrupt
cfe010fc T do_undefined_instruction
cfe01120 t read_p15_c1
cfe01128 t write_p15_c1
cfe01130 t cp_delay
cfe0115c T cpu_init
cfe01164 T icache_enable
cfe01180 T icache_disable
cfe0119c T icache_status
cfe011b0 T dcache_enable
cfe011cc T dcache_disable
cfe011e8 T dcache_status
cfe011fc T branch_enable
cfe01218 T branch_disable
cfe01234 T branch_status
cfe01248 T cleanup_before_linux
cfe01274 T reset_cpu
cfe012ac T do_reset
cfe012c4 T mmc_get_dev
cfe012d0 t wait_for_data_done
cfe012ec t ClearCommandCompleteStatus
cfe0131c t ClearTransferCompleteStatus
cfe01344 t ClearDMAStatus
cfe0136c t card_irq_enable
cfe01390 T hsmmc_reset
cfe013a4 T hsmmc_set_gpio
cfe013d8 t set_transfer_mode_register
cfe0140c t set_arg_register
cfe0141c t set_blkcnt_register
cfe0142c t SetSystemAddressReg
cfe0143c t set_blksize_register
cfe01458 t hsmmc_clock_onoff
cfe014a4 t set_cmd_register
cfe014fc t set_hostctl_speed
cfe0151c t wait_for_cmd_done
cfe01570 t check_dma_int
cfe01604 t issue_command
cfe016e0 t check_card_status
cfe0171c T movi_read
cfe01864 T movi_write
cfe019d0 t set_clock
cfe01a54 t clock_config
cfe01ae4 T hsmmc_init
cfe02108 T test_hsmmc
cfe02698 t mmc_bread
cfe026d0 t S3C64XX_GetBase_UART
cfe026e0 T serial_setbrg
cfe026e4 T serial_init
cfe026f4 T serial_getc
cfe02714 T serial_putc
cfe02744 T serial_tstc
cfe0275c T serial_puts
cfe02784 t get_PLLCLK
cfe027f0 T get_UCLK
cfe027f8 T get_FCLK
cfe02800 T get_PCLK
cfe02854 T get_HCLK
cfe028a8 T get_ARMCLK
cfe028d0 T print_cpuinfo
cfe029d8 T sbrk
cfe02a0c T led_init
cfe02a34 T hang
cfe02a44 t display_banner
cfe02aa0 t display_dram_config
cfe02ae4 t init_baudrate
cfe02b44 T start_armboot
cfe02d38 t __fswab16
cfe02d4c t __fswab32
cfe02d6c t startAgainTimeout
cfe02d80 t startAgainHandler
cfe02d84 T NetSetHandler
cfe02d94 T NetCksum
cfe02ddc T NetCksumOk
cfe02e00 T copy_filename
cfe02e58 T string_to_VLAN
cfe02ea4 T getenv_VLAN
cfe02eb4 T string_to_ip
cfe02f1c T getenv_IPaddr
cfe02f2c T NetEthHdrSize
cfe02f70 T VLAN_to_string
cfe02fc8 T ip_to_string
cfe03008 T print_IPaddr
cfe03024 t NetCopyIP
cfe0302c T NetSetIP
cfe0312c T NetSetEther
cfe031e0 t NetReadIP
cfe031fc t PingHandler
cfe03224 t NetWriteIP
cfe03240 T NetSendPacket
cfe03244 T ArpRequest
cfe03330 T NetReceive
cfe03808 T PingSend
cfe03944 T NetSetTimeout
cfe03974 T NetSendUDPPacket
cfe03ab0 T NetStartAgain
cfe03b2c T ArpTimeoutCheck
cfe03ba0 t PingTimeout
cfe03bbc T NetLoop
cfe03fa8 t __fswab16
cfe03fbc t TftpSend
cfe0411c T TftpStart
cfe04310 t TftpTimeout
cfe0436c t TftpHandler
cfe045a4 t __fswab16
cfe045b8 t __fswab32
cfe045d8 t truncate_sz
cfe0460c t NetWriteIP
cfe04628 t NetCopyIP
cfe04630 t NetReadLong
cfe0464c T BootpRequest
cfe04850 t BootpHandler
cfe04bf0 t BootpTimeout
cfe04c38 T RarpRequest
cfe04d40 t RarpHandler
cfe04da8 t RarpTimeout
cfe04df0 T eth_initialize
cfe04df8 t __fswab32
cfe04e18 t NfsTimeout
cfe04e3c t basename
cfe04e78 t dirname
cfe04e94 t rpc_add_credentials
cfe04f6c t rpc_lookup_reply
cfe0500c t nfs_mount_reply
cfe050a8 t nfs_umountall_reply
cfe05128 t nfs_lookup_reply
cfe051bc t rpc_req
cfe052c8 t rpc_lookup_req
cfe0532c t nfs_mount_req
cfe053bc t nfs_umountall_req
cfe05414 t nfs_lookup_req
cfe054b8 t nfs_read_req
cfe05538 t nfs_readlink_req
cfe05590 t NfsSend
cfe05624 T NfsStart
cfe05858 t nfs_readlink_reply
cfe05950 t nfs_read_reply
cfe05a94 t NfsHandler
cfe05c7c t iow
cfe05c98 t ior
cfe05cb8 t move8
cfe05d04 t move16
cfe05d60 t move32
cfe05dbc t GetDM9000ID
cfe05e1c T eth_send
cfe05e8c T eth_rx
cfe05f4c t phy_write
cfe05fa4 T eth_halt
cfe05fdc t dmfe_init_dm9000
cfe06168 T eth_init
cfe062ec T DM9000_get_enetaddr
cfe06370 T nand_init
cfe0640c t generic_ffs
cfe06464 t nand_release_device
cfe0647c t nand_read_byte
cfe0648c t nand_read_byte16
cfe064a0 t nand_read_word
cfe064b0 t nand_write_buf
cfe064e4 t nand_read_buf
cfe0650c t nand_verify_buf
cfe06554 t nand_write_buf16
cfe0658c t nand_read_buf16
cfe065c4 t nand_verify_buf16
cfe06610 t nand_block_bad
cfe0672c t nand_check_wp
cfe06768 T nand_wait_ready
cfe0677c t nand_read_page_raw
cfe067b4 t nand_read_page_swecc
cfe068cc t nand_read_page_hwecc
cfe069fc t nand_read_page_syndrome
cfe06b20 t nand_read_oob_std
cfe06b64 t nand_read_oob_syndrome
cfe06c74 t nand_write_oob_std
cfe06ce4 t nand_write_oob_syndrome
cfe06e9c t nand_write_page_raw
cfe06ed0 t nand_write_page_swecc
cfe06f74 t nand_write_page_hwecc
cfe07040 t nand_write_page_syndrome
cfe07130 t single_erase_cmd
cfe0716c t multi_erase_cmd
cfe071f8 t nand_sync
cfe071fc t nand_suspend
cfe07204 T nand_release
cfe0722c t nand_resume
cfe0724c T nand_scan_ident
cfe077b8 T nand_scan_tail
cfe07c9c T nand_scan
cfe07cbc t nand_select_chip
cfe07d18 t nand_block_isbad
cfe07d78 t nand_block_markbad
cfe07db4 t nand_fill_oob
cfe07ec8 t nand_do_write_oob
cfe07fd0 t nand_do_write_ops
cfe082f0 t nand_write_oob
cfe083a0 t nand_write
cfe08438 t nand_transfer_oob
cfe0854c t nand_command
cfe08708 t nand_command_lp
cfe08950 t nand_do_read_ops
cfe08d0c t nand_read_oob
cfe08ed0 T nand_read
cfe08f68 t nand_write_page
cfe09044 t nand_default_block_markbad
cfe0911c T nand_erase_nand
cfe093e0 t nand_erase
cfe093e8 t nand_wait
cfe094bc T nand_calculate_ecc
cfe095b4 T nand_correct_data
cfe096e0 t check_pattern
cfe09798 t scan_read_raw
cfe097e4 t search_bbt
cfe0997c T nand_isbad_bbt
cfe099cc t create_bbt
cfe09cd4 t read_bbt
cfe09edc t read_abs_bbt
cfe09fa8 t write_bbt
cfe0a5e4 T nand_update_bbt
cfe0a73c t mark_bbt_region
cfe0a8a8 T nand_scan_bbt
cfe0ad1c T nand_default_bbt
cfe0ade0 T run_command
cfe0b218 t cread_add_char
cfe0b308 t cread_add_str
cfe0b358 T readline
cfe0b9f0 t ExecuteCmd
cfe0b9f8 T arm_sdfuse
cfe0bb44 T lcd_size_config
cfe0bc7c T arm_USBfuse
cfe0bd98 T NAND_ARMMenu
cfe0bea0 T main_loop
cfe0bff0 t print_num
cfe0c004 T do_bdinfo
cfe0c0d8 T do_go
cfe0c158 t __fswab32
cfe0c178 t do_imls
cfe0c180 T gunzip
cfe0c2d8 t zfree
cfe0c2e0 t zalloc
cfe0c2f0 T print_image_hdr
cfe0c6ec T do_bootm
cfe0cd4c t on_off
cfe0cd88 T do_branch
cfe0ce0c T do_dcache
cfe0ce90 T do_icache
cfe0cf14 t cnvrt2
cfe0cf58 T mk_date
cfe0d128 T do_date
cfe0d23c T valid_elf_image
cfe0d2b0 T load_elf_image
cfe0d3b8 T do_bootvx
cfe0d534 T do_bootelf
cfe0d5d8 T get_dev
cfe0d5e0 T do_fat_fsinfo
cfe0d624 T do_fat_ls
cfe0d668 T do_fat_fsload
cfe0d6a8 t flash_fill_sect_ranges
cfe0d6b8 T flash_sect_protect
cfe0d74c T flash_sect_erase
cfe0d7bc t addr_spec
cfe0d878 T do_flinfo
cfe0d8b0 t abbrev_spec
cfe0d8e8 T do_protect
cfe0dab4 T do_flerase
cfe0dc00 t evalstr
cfe0dc1c t evalexp
cfe0dc68 T binary_test
cfe0de48 T do_itest
cfe0def0 T ktrans
cfe0df10 T chk1
cfe0df40 t bin_data_init
cfe0df5c t bin_data_char
cfe0df8c T k_data_init
cfe0dfac T k_data_save
cfe0dfd4 T k_data_restore
cfe0dffc T k_data_char
cfe0e04c T send_pad
cfe0e07c T s1_sendpacket
cfe0e0a8 T handle_send_packet
cfe0e26c T send_nack
cfe0e2cc T send_ack
cfe0e32c t load_serial_ymodem
cfe0e46c t getcxmodem
cfe0e48c T do_load_serial_bin
cfe0e8f0 t load_serial
cfe0eb1c T do_load_serial
cfe0ebfc T do_mem_base
cfe0ec40 T do_mem_crc
cfe0ecf8 T do_mem_mtest
cfe0ee24 T cmd_get_data_size
cfe0ee9c T do_mem_loop
cfe0efa0 T do_mem_cp
cfe0f0d0 T do_mem_cmp
cfe0f274 T do_mem_mw
cfe0f348 t mod_mem
cfe0f4a4 T do_mem_nm
cfe0f4c4 T do_mem_mm
cfe0f4e4 T do_mem_md
cfe0f6c0 T do_sleep
cfe0f750 t __fswab32
cfe0f770 t nand_read
cfe0f798 t nand_write
cfe0f7c0 t str2long
cfe0f7fc t arg_off_size
cfe0f8d8 T do_nandboot
cfe0fb0c T do_nand
cfe109bc T do_ping
cfe10a44 t netboot_common
cfe10d00 T do_nfs
cfe10d0c T do_rarpb
cfe10d18 T do_tftpb
cfe10d24 T do_bootp
cfe10d30 t envmatch
cfe10da0 T getenv_r
cfe10e60 T do_saveenv
cfe10e8c T getenv
cfe10f08 T _do_setenv
cfe113a0 T do_setenv
cfe113e0 T setenv
cfe11414 T do_printenv
cfe115b8 T usb_get_class_desc
cfe11660 T usb_display_ep_desc
cfe11734 T usb_display_class_sub
cfe118a8 T usb_show_tree_graph
cfe11ac0 T usb_show_tree
cfe11af4 T usb_display_desc
cfe11c24 T usb_display_string
cfe11c5c T usb_display_if_desc
cfe11ce4 T usb_display_conf_desc
cfe11d90 T usb_display_config
cfe11e20 T do_usb
cfe11ffc T find_cmd
cfe12090 T do_echo
cfe12110 T do_help
cfe122bc T do_version
cfe122dc T do_exit
cfe1230c T do_test
cfe12788 t console_setfile
cfe12828 T fgetc
cfe12850 T ftstc
cfe12878 T fputc
cfe128a4 T fputs
cfe128d0 T disable_ctrlc
cfe128e8 T had_ctrlc
cfe128f8 T clear_ctrlc
cfe1290c T dbg
cfe12918 T console_init_f
cfe12928 T console_assign
cfe129b8 T fprintf
cfe12a00 T puts
cfe12a1c T vprintf
cfe12a48 T printf
cfe12a88 T console_init_r
cfe12c2c T serial_printf
cfe12c6c T putc
cfe12c88 T tstc
cfe12ca0 T getc
cfe12cb8 T ctrlc
cfe12d08 T devices_done
cfe12d24 T device_register
cfe12d48 T devices_init
cfe12e08 T malloc_bin_reloc
cfe12e40 t do_check_inuse_chunk
cfe12e44 t do_check_malloced_chunk
cfe12e48 T malloc_usable_size
cfe12e8c T mallopt
cfe12f04 T malloc_trim
cfe12fd0 T free
cfe131fc T cfree
cfe13200 T malloc
cfe137e0 T memalign
cfe138f0 T pvalloc
cfe13908 T valloc
cfe13914 T calloc
cfe139f4 T realloc
cfe13e70 T env_get_char_memory
cfe13e90 T env_get_addr
cfe13eb0 t env_get_char_init
cfe13ee8 T env_crc_update
cfe13f14 T env_relocate
cfe13f90 T env_get_char_spec
cfe13f9c T env_init
cfe13fb8 T saveenv
cfe14078 t use_default
cfe140f8 T env_relocate_spec
cfe14180 t dummy
cfe14184 T get_version
cfe1418c T jumptable_init
cfe14244 T addr2info
cfe1424c T flash_write
cfe1425c T flash_perror
cfe1433c T flash_protect
cfe144b8 t b_reset
cfe144d4 T simple_itoa
cfe14528 t static_get
cfe14544 t static_peek
cfe14550 t file_peek
cfe1455c t setup_string_in_str
cfe14588 t indenter
cfe14598 t is_assignment
cfe145f4 T mapset
cfe14620 T u_boot_hush_start
cfe146a8 t file_get
cfe14878 t syntax_err
cfe14884 t xmalloc
cfe148a4 T new_pipe
cfe148cc t free_pipe_list
cfe149b8 t b_free
cfe149dc t xrealloc
cfe149fc t done_command
cfe14a84 t initialize_context
cfe14abc t done_pipe
cfe14b0c t b_addchr
cfe14b88 t b_addqchr
cfe14bd4 T reserved_word
cfe14d0c t done_word
cfe14e90 t insert_var_value
cfe15040 t set_local_var
cfe151f0 T update_ifs_map
cfe15260 t parse_stream_outer
cfe15840 T parse_file_outer
cfe15884 T parse_string_outer
cfe1594c t run_list_real
cfe160f8 T GetHandleSize
cfe16100 T ListSetAllocationPolicy
cfe16114 T ListGetPtrToItem
cfe1614c T ListGetDataPtr
cfe16158 T ListGetItemSize
cfe16164 T ListNumItems
cfe16170 T ListGetItems
cfe161b8 T SetHandleSize
cfe16234 T ListInsertItems
cfe16404 T ListInsertItem
cfe1640c T DisposeHandle
cfe1642c T ListDispose
cfe16430 T NewHandle
cfe1648c T ListCreate
cfe164ec t hex1_bin
cfe16524 t hex2_bin
cfe16558 T srec_decode
cfe167c8 T usb_disable_asynch
cfe167e0 T usb_maxpacket
cfe16804 T usb_set_maxpacket
cfe16910 T usb_get_dev_index
cfe16940 T usb_hub_reset
cfe16954 T usb_hub_allocate
cfe1699c T usb_alloc_new_device
cfe16a38 T usb_parse_config
cfe16bcc T usb_submit_int_msg
cfe16bd0 T usb_stop
cfe16c00 T wait_ms
cfe16c24 T usb_bulk_msg
cfe16c88 T usb_control_msg
cfe16d88 T usb_get_port_status
cfe16de8 T usb_get_hub_status
cfe16e3c T usb_set_port_feature
cfe16e9c T usb_clear_port_feature
cfe16efc T usb_clear_hub_feature
cfe16f50 T usb_get_hub_descriptor
cfe16fac T usb_get_string
cfe17038 t usb_string_sub
cfe1713c T usb_string
cfe1723c T usb_get_class_descriptor
cfe172ac T usb_get_report
cfe1731c T usb_set_idle
cfe17380 T usb_set_protocol
cfe173e0 T usb_set_configuration
cfe17448 T usb_set_interface
cfe17514 T usb_set_address
cfe17558 T usb_get_descriptor
cfe175c4 T usb_get_configuration_no
cfe1766c T usb_clear_halt
cfe17720 t usb_hub_power_on
cfe17764 T usb_hub_port_connect_change
cfe178c0 T usb_hub_configure
cfe17b00 T usb_hub_probe
cfe17b60 T usb_new_device
cfe17df0 T usb_scan_devices
cfe17e54 T usb_init
cfe17ed0 T parse_num
cfe17ff8 t zm_flush
cfe1800c t zm_save
cfe18024 T xyzModem_error
cfe180c0 t zm_dprintf
cfe18100 t zm_dump
cfe18110 T xyzModem_stream_close
cfe18164 T CYGACC_COMM_IF_PUTC
cfe1816c T CYGACC_COMM_IF_GETC_TIMEOUT
cfe181c0 t xyzModem_flush
cfe181e8 T xyzModem_stream_terminate
cfe182f8 t xyzModem_get_hdr
cfe18664 T xyzModem_stream_read
cfe18948 T xyzModem_stream_open
cfe18ac0 T do_usbd_dnw
cfe18bd4 T do_movi
cfe18f88 T cyg_crc16
cfe18fd0 T crc32
cfe190e4 T crc32_no_comp
cfe191f0 T print_size
cfe19290 T display_options
cfe192b0 T strcpy
cfe192cc T strncpy
cfe192f4 T strcat
cfe19328 T strncat
cfe1938c T strcmp
cfe193c4 T strncmp
cfe19414 T strchr
cfe19440 T strlen
cfe19460 T strrchr
cfe19498 T strnlen
cfe194c0 T strspn
cfe19504 T strpbrk
cfe19544 T strtok
cfe195c4 T strsep
cfe195f8 T strswab
cfe19644 T memset
cfe19664 T bcopy
cfe19690 T memcpy
cfe196b4 T memmove
cfe19710 T memcmp
cfe19750 T memscan
cfe19780 T strstr
cfe197e4 T memchr
cfe19814 T strdup
cfe19848 T simple_strtoul
cfe19900 T simple_strtol
cfe19928 t skip_atoi
cfe19960 t number
cfe19bcc T panic
cfe19c1c T vsprintf
cfe1a020 T sprintf
cfe1a048 t falloc
cfe1a06c t ffree
cfe1a070 t inflate_trees_free
cfe1a0a4 t huft_build
cfe1a66c t inflate_trees_fixed
cfe1a868 t inflate_codes_new
cfe1a8b8 t inflate_codes_free
cfe1a8d8 t inflate_blocks_reset
cfe1a9a0 T inflateEnd
cfe1aa38 T inflateReset
cfe1aa98 T inflateSync
cfe1ab98 T inflateInit2
cfe1acdc T inflateInit
cfe1ace4 T adler32
cfe1ae5c T inflateIncomp
cfe1af88 t inflate_flush
cfe1b0fc T inflate
cfe1cddc T board_init
cfe1ce2c T dram_init
cfe1ce4c T virt_to_phy_smdk6410
cfe1ce7c T checkboard
cfe1ce94 T board_late_init
cfe1cf2c t write_hword
cfe1d024 T write_buff
cfe1d198 T flash_print_info
cfe1d2ac T flash_erase
cfe1d4b0 T flash_init
cfe1d4fc t IsACK
cfe1d514 t ReadWriteByte
cfe1d52c t WaitForXfer
cfe1d578 t i2c_transfer
cfe1d864 T i2c_write
cfe1d8f4 T vga_init
cfe1d95c T i2c_read
cfe1d9f4 T i2c_probe
cfe1da30 T i2c_init
cfe1db04 t td_alloc
cfe1db44 t urb_free_priv
cfe1db7c T rh_check_port_status
cfe1db84 T submit_common_msg
cfe1db8c T submit_bulk_msg
cfe1db94 T submit_control_msg
cfe1db9c T submit_int_msg
cfe1dba4 T usb_lowlevel_init
cfe1dbac T usb_lowlevel_stop
cfe1dbb4 t td_fill
cfe1dc68 T sohci_submit_job
cfe1e1f4 t s3c_nand_hwcontrol
cfe1e26c t s3c_nand_device_ready
cfe1e288 t s3c_nand_wait_enc
cfe1e2a0 t s3c_nand_wait_dec
cfe1e2b8 t s3c_nand_enable_hwecc
cfe1e31c t s3c_nand_calculate_ecc
cfe1e3d0 T s3c_nand_enable_hwecc_8bit
cfe1e420 T s3c_nand_calculate_ecc_8bit
cfe1e4d4 T s3c_nand_write_page_8bit
cfe1e58c t s3c_nand_write_oob_1bit
cfe1e66c t s3c_nand_read_oob_1bit
cfe1e730 t s3c_nand_write_page_1bit
cfe1e898 t s3c_nand_read_page_1bit
cfe1ea38 t s3c_nand_read_page_4bit
cfe1eb4c t s3c_nand_write_page_4bit
cfe1ec18 T board_nand_init
cfe1ef60 t s3c_nand_correct_data
cfe1f15c T s3c_nand_correct_data_8bit
cfe1f2e4 T s3c_nand_read_page_8bit
cfe1f3e4 t s3c_nand_scan_bbt
cfe1f3e8 T s3c_usb_core_soft_reset
cfe1f408 T s3c_usb_init_core
cfe1f424 T s3c_usb_check_current_mode
cfe1f438 T s3c_usb_set_soft_disconnect
cfe1f44c T s3c_usb_clear_soft_disconnect
cfe1f460 T s3c_usb_init_device
cfe1f4a0 T s3c_usbc_activate
cfe1f4a8 T s3c_usb_stop
cfe1f4b0 T s3c_usb_set_inep_xfersize
cfe1f4dc T s3c_usb_set_outep_xfersize
cfe1f50c T s3c_usb_write_ep0_fifo
cfe1f564 T s3c_usb_write_in_fifo
cfe1f5bc T s3c_usb_read_out_fifo
cfe1f610 T s3c_usb_get_desc
cfe1f7e0 T s3c_usb_clear_feature
cfe1f85c T s3c_usb_set_feature
cfe1f9bc T s3c_usb_get_status
cfe1fa64 T s3c_usb_ep0_int_hndlr
cfe1fc7c T s3c_usb_set_otherspeed_conf_desc
cfe1fd9c T s3c_usb_transfer_ep0
cfe20a60 T s3c_usb_int_bulkin
cfe20c2c T s3c_usb_upload_start
cfe20e58 T s3c_usb_download_start
cfe21064 T s3c_usb_dma_in_done
cfe21174 T s3c_usb_set_all_outep_nak
cfe2119c T s3c_usb_clear_all_outep_nak
cfe211c4 T s3c_usb_set_max_pktsize
cfe21274 T s3c_usb_set_endpoint
cfe212c8 T s3c_usb_set_descriptors
cfe21464 T s3c_usb_check_speed
cfe2147c T s3c_usb_clear_dnfile_info
cfe214bc T s3c_usb_clear_upfile_info
cfe214fc T s3c_usb_check_setconf
cfe2152c T s3c_usb_set_opmode
cfe215fc T s3c_usb_reset
cfe21664 T s3c_usb_set_init
cfe216c0 T s3c_usb_verify_checksum
cfe21788 T s3c_usb_download_continue
cfe21918 T s3c_usb_int_bulkout
cfe21968 T s3c_usb_pkt_receive
cfe219e8 T s3c_usb_print_pkt
cfe21a34 T s3c_usb_dma_out_done
cfe21b50 T s3c_usb_transfer
cfe21c74 T s3c_udc_int_hndlr
cfe21d10 T s3c_usb_wait_cable_insert
cfe21d5c T s3c_usb_init_phy
cfe21d94 T s3c_usbctl_init
cfe21e58 t __fswab32
cfe21e78 T do_bootm_linux
cfe22284 T flush_cache
cfe22288 T GregorianDay
cfe2237c T to_tm
cfe2248c T mktime
cfe22520 t SetRTC_Access
cfe2255c t bcd2bin
cfe22570 t bin2bcd
cfe225a4 T rtc_get
cfe226a8 T rtc_set
cfe22748 T rtc_reset
cfe22770 t nand_block_bad_scrub
cfe22778 T nand_lock
cfe227cc T nand_unlock
cfe228dc T nand_get_lock_status
cfe22968 T nand_read_opts
cfe22d24 T nand_write_opts
cfe23290 T nand_erase_opts
cfe235fc T __div64_32
cfe236f0 T __aeabi_uidiv
cfe236f0 T __udivsi3
cfe236f0 t .udivsi3_nodiv0
cfe237e4 T __aeabi_uidivmod
cfe23804 T __aeabi_idiv
cfe23804 T __divsi3
cfe2380c t .divsi3_nodiv0
cfe2392c T __aeabi_idivmod
cfe2394c T __aeabi_lasr
cfe2394c T __ashrdi3
cfe23968 T __aeabi_llsl
cfe23968 T __ashldi3
cfe23984 W __aeabi_idiv0
cfe23bac r C.8.2231
cfe23c2c r C.43.3271
cfe23c3c R version_string
cfe23c76 r default_nand_name
cfe23c7b r __FUNCTION__.4035
cfe23c8a r __FUNCTION__.2572
cfe23c9b r __FUNCTION__.3561
cfe23ca9 r __FUNCTION__.3076
cfe23cbb r C.19.2730
cfe23cbd r nand_ecc_precalc_table
cfe23dc0 r C.10.1948
cfe23ed8 r baudrate_table
cfe23eec r crc16_tab
cfe240ec r crc_table
cfe244ec r border
cfe24538 r inflate_mask
cfe2457c R config_full
cfe24585 R config_full_total
cfe245a5 R config_high
cfe245ae R config_high_total
cfe245ce R qualifier_desc
cfe245d8 R string_desc0
cfe245dc R string_desc1
cfe245f2 R string_desc2
cfe24620 r C.7.1894
cfe2b3bc D init_sequence
cfe2b3f0 D NetOurVLAN
cfe2b3f2 D NetBcastAddr
cfe2b3f8 D NetOurNativeVLAN
cfe2b3fc d nfs_offset
cfe2b400 D nand_curr_device
cfe2b404 d nand_oob_8
cfe2b554 d nand_oob_16
cfe2b6a4 d nand_oob_64
cfe2b7f4 d nand_oob_128
cfe2b944 D nand_flash_ids
cfe2bf2c D nand_manuf_ids
cfe2bf6c d bbt_main_descr
cfe2bf90 d bbt_mirror_descr
cfe2bfb4 d agand_flashbased
cfe2bfd8 d smallpage_flashbased
cfe2bffc d largepage_flashbased
cfe2c020 d smallpage_memorybased
cfe2c044 d largepage_memorybased
cfe2c068 d bbt_pattern
cfe2c06c d mirror_pattern
cfe2c070 d scan_agand_pattern
cfe2c076 d scan_ff_pattern
cfe2c078 d hist_cur
cfe2c07c D load_addr
cfe2c080 D weekdays
cfe2c09c D op_table
cfe2c104 d do_echo
cfe2c108 D dp_last_length
cfe2c10c D stdio_names
cfe2c118 d av_
cfe2c520 d trim_threshold
cfe2c524 d mmap_threshold
cfe2c528 d sbrk_base
cfe2c52c D default_environment
cfe2c650 D env_get_char
cfe2c654 D default_environment_size
cfe2c658 D env_name_spec
cfe2c65c d blanks.2356
cfe2c684 d reserved_list
cfe2c708 d zm_out
cfe2c70c D _ctype
cfe2c80c d fixed_left
cfe2c810 d cplens
cfe2c88c d cplext
cfe2c908 d cpdist
cfe2c980 d cpdext
cfe2c9f8 D zlib_version
cfe2c9fc D z_errmsg
cfe2ca1c d CH7026_REGS_VGA_800
cfe2cb7c D CH7026_REGS_VGA_640
cfe2ccf4 D CH7026_REGS_TV
cfe2ce34 d s3c_nand_oob_64
cfe2cf84 d s3c_nand_oob_16
cfe2d0d4 d s3c_nand_oob_mlc_64
cfe2d224 d s3c_nand_oob_mlc_128_8bit
cfe2d374 d s3c_nand_oob_mlc_232_8bit
cfe2d4c4 D test_pkt
cfe2d4fc d month_days
cfe2d52c d autoplace_oobinfo
cfe2d67c d jffs2_oobinfo
cfe2d7cc d yaffs_oobinfo
cfe2d91c A __u_boot_cmd_start
cfe2d91c D __u_boot_cmd_bdinfo
cfe2d934 D __u_boot_cmd_go
cfe2d94c D __u_boot_cmd_reset
cfe2d964 D __u_boot_cmd_bootm
cfe2d97c D __u_boot_cmd_imls
cfe2d994 D __u_boot_cmd_icache
cfe2d9ac D __u_boot_cmd_dcache
cfe2d9c4 D __u_boot_cmd_branch
cfe2d9dc D __u_boot_cmd_date
cfe2d9f4 D __u_boot_cmd_bootelf
cfe2da0c D __u_boot_cmd_bootvx
cfe2da24 D __u_boot_cmd_fatload
cfe2da3c D __u_boot_cmd_fatls
cfe2da54 D __u_boot_cmd_fatinfo
cfe2da6c D __u_boot_cmd_flinfo
cfe2da84 D __u_boot_cmd_erase
cfe2da9c D __u_boot_cmd_protect
cfe2dab4 D __u_boot_cmd_itest
cfe2dacc D __u_boot_cmd_loads
cfe2dae4 D __u_boot_cmd_loadb
cfe2dafc D __u_boot_cmd_loady
cfe2db14 D __u_boot_cmd_md
cfe2db2c D __u_boot_cmd_mm
cfe2db44 D __u_boot_cmd_nm
cfe2db5c D __u_boot_cmd_mw
cfe2db74 D __u_boot_cmd_cp
cfe2db8c D __u_boot_cmd_cmp
cfe2dba4 D __u_boot_cmd_crc32
cfe2dbbc D __u_boot_cmd_base
cfe2dbd4 D __u_boot_cmd_loop
cfe2dbec D __u_boot_cmd_mtest
cfe2dc04 D __u_boot_cmd_sleep
cfe2dc1c D __u_boot_cmd_nand
cfe2dc34 D __u_boot_cmd_nboot
cfe2dc4c D __u_boot_cmd_bootp
cfe2dc64 D __u_boot_cmd_tftpboot
cfe2dc7c D __u_boot_cmd_rarpboot
cfe2dc94 D __u_boot_cmd_nfs
cfe2dcac D __u_boot_cmd_ping
cfe2dcc4 D __u_boot_cmd_printenv
cfe2dcdc D __u_boot_cmd_setenv
cfe2dcf4 D __u_boot_cmd_saveenv
cfe2dd0c D __u_boot_cmd_usb
cfe2dd24 D __u_boot_cmd_version
cfe2dd3c D __u_boot_cmd_echo
cfe2dd54 D __u_boot_cmd_test
cfe2dd6c D __u_boot_cmd_exit
cfe2dd84 D __u_boot_cmd_help
cfe2dd9c D __u_boot_cmd_question_mark
cfe2ddb4 D __u_boot_cmd_dnw
cfe2ddcc D __u_boot_cmd_movi
cfe2dde4 A __u_boot_cmd_end
cfe30000 R mmu_table
cfe34000 A __bss_start
cfe34000 B movi_hc
cfe34004 b timestamp
cfe34008 b lastdec
cfe3400c B timer_load_val
cfe34010 b mmc_dev
cfe34074 b HS_DMA_END
cfe34078 b rca
cfe3407c b wt_cnt_HSMMC
cfe34080 b BlockNum_HSMMC
cfe34084 b WriteBlockCnt_INT
cfe34088 b BufferBoundary_INT_Cnt
cfe3408c b CompareCnt_INT
cfe34090 b Compare_buffer_HSMMC
cfe34094 b HCLK
cfe34098 B card_type
cfe3409c b Tx_buffer_HSMMC
cfe340a0 b COMPARE_INT_DONE
cfe340a4 b rd_cnt_HSMMC
cfe340a8 b ReadBlockCnt_INT
cfe340ac b Rx_buffer_HSMMC
cfe340b0 b mem_malloc_brk
cfe340b4 b mem_malloc_start
cfe340b8 b mem_malloc_end
cfe340bc B monitor_flash_len
cfe340c0 B NetState
cfe340c4 b packetHandler
cfe340c8 B NetIPID
cfe340cc B NetOurIP
cfe340d0 B NetOurEther
cfe340d8 B NetPingIP
cfe340dc B NetTxPacket
cfe340e0 B NetArpWaitPacketIP
cfe340e4 B NetOurSubnetMask
cfe340e8 B NetOurGatewayIP
cfe340ec B NetArpWaitReplyIP
cfe340f0 B NetRxPkt
cfe340f4 B NetRxPktLen
cfe340f8 B NetArpWaitPacketMAC
cfe340fc B NetArpWaitTxPacket
cfe34100 B NetArpWaitTxPacketSize
cfe34104 B NetServerIP
cfe34108 B NetServerEther
cfe3410e b mac.2519
cfe34114 B NetEtherNullAddr
cfe3411a b PingSeqNo
cfe3411c B NetArpWaitTry
cfe34120 B NetArpWaitTimerStart
cfe34124 b timeHandler
cfe34128 b timeStart
cfe3412c b timeDelta
cfe34130 B PktBuf
cfe35f50 B NetRxPackets
cfe35f60 B NetArpWaitPacketBuf
cfe36580 B NetBootFileXferSize
cfe36584 B NetOurDNSIP
cfe36588 B NetOurNISDomain
cfe365a8 B NetOurHostName
cfe365c8 B NetOurRootPath
cfe36608 B NetBootFileSize
cfe3660a B BootFile
cfe3668c b TftpState
cfe36690 b tftp_filename
cfe36694 b TftpBlock
cfe36698 b TftpServerPort
cfe3669c b TftpOurPort
cfe366a0 b default_filename
cfe366b0 b TftpTimeoutCount
cfe366b4 b TftpBlockWrap
cfe366b8 b TftpBlockWrapOffset
cfe366bc b TftpLastBlock
cfe366c0 B BootpTry
cfe366c4 B BootpID
cfe366c8 B RarpTry
cfe366cc b rpc_id
cfe366d0 b NfsSrvMountPort
cfe366d4 b NfsSrvNfsPort
cfe366d8 b fs_mounted
cfe366dc b dirfh
cfe366fc b filefh
cfe3671c b NfsServerIP
cfe36720 b NfsOurPort
cfe36724 b NfsState
cfe36728 b nfs_path
cfe3672c b nfs_filename
cfe36730 b nfs_len
cfe36734 b NfsDownloadState
cfe36738 b nfs_path_buff
cfe36f38 b default_filename
cfe36f78 b NfsTimeoutCount
cfe36f7c B MoveData
cfe36f80 B nand_info
cfe37034 b nand_chip
cfe37138 b initted.2194
cfe3713c b hist_max
cfe37140 b hist_add_idx
cfe37144 B hist_num
cfe37148 B hist_lines
cfe38548 B hist_list
cfe38598 B console_buffer
cfe38698 B header
cfe386d8 b os_data_state
cfe386dc B os_data_count
cfe386e0 b os_data_addr
cfe386e4 b bin_start_address
cfe386e8 b k_data_escape
cfe386ec B os_data_init
cfe386f0 b k_data_escape_saved
cfe386f4 b os_data_state_saved
cfe386f8 b os_data_count_saved
cfe386fc b os_data_addr_saved
cfe38700 B os_data_char
cfe38704 B his_quote
cfe38708 B his_pad_count
cfe3870c B his_pad_char
cfe3870d B his_eol
cfe38710 B send_ptr
cfe38714 B send_parms
cfe38728 b a_b
cfe38740 B os_data_header
cfe38760 b base_address
cfe38764 B mm_last_addr
cfe38768 B mm_last_size
cfe3876c B dp_last_addr
cfe38770 B dp_last_size
cfe38774 b ctrlc_disabled
cfe38778 b ctrlc_was_pressed
cfe3877c B devlist
cfe38780 B stdio_devices
cfe3878c b top_pad
cfe38790 b n_mmaps_max
cfe38794 b current_mallinfo
cfe387bc b max_sbrked_mem
cfe387c0 b max_total_mem
cfe387c4 B env_ptr
cfe387c8 b local.2147
cfe387de b map
cfe388e0 b top_vars
cfe388e4 b flag_repeat
cfe388e8 b do_repeat
cfe388ec b the_command.2174
cfe389ec b buf.2614
cfe38a14 B last_return_code
cfe38a18 b ifs
cfe38a1c B nesting_level
cfe38a20 b asynch_allowed
cfe38a24 b usb_dev
cfe452a4 b usb_hub_index
cfe452a8 b hub_dev
cfe453a8 b dev_index
cfe453ac B usb_started
cfe453ad b setup_packet
cfe453b8 b running
cfe453bc b zm_bp
cfe453c0 b xyz
cfe457fc b zm_buf
cfe45ffc B ofsinfo
cfe46014 B ___strtok
cfe46018 b fixed_mem
cfe470a8 b fixed_lock
cfe470ac b fixed_built
cfe470b0 b fixed_bl
cfe470b4 b fixed_tl
cfe470b8 b fixed_bd
cfe470bc b fixed_td
cfe470c0 B flash_info
cfe47100 B ptd
cfe47104 b gohci
cfe471d0 B ohci_dev
cfe47360 B urb_priv
cfe47440 B gtd
cfe48500 B ghcca
cfe48600 B phcca
cfe48604 B got_rhsc
cfe48608 B devgone
cfe48700 B boot_nand
cfe48704 B cur_ecc_mode
cfe48708 B nand_type
cfe4870c B otg
cfe48790 B remode_wakeup
cfe48794 B get_status
cfe4879a B config_value
cfe4879c B get_intf
cfe487a0 B s3c_usbd_dn_addr
cfe487a4 B op_mode
cfe487a8 B dn_filesize
cfe487ac B s3c_receive_done
cfe487b0 B speed
cfe487b4 B s3c_got_header
cfe487b8 B DNW
cfe487bc b params
cfe487c0 b data_buf
cfe4a7c0 b oob_buf
cfe4a8a8 b none_oobinfo
cfe4a9f8 A _end
